
> da-portfolio-v4@0.1.0 test
> jest

PASS src/components/sections/About/SkillsGrid.test.tsx
PASS src/components/sections/About/About.test.tsx
PASS src/components/sections/Contact/Contact.test.tsx
PASS src/components/sections/Projects/Projects.test.tsx

Test Suites: 4 passed, 4 total
Tests:       14 passed, 14 total
Snapshots:   0 total
Time:        3.634 s
Ran all test suites.
